---
http_interactions:
- request:
    method: post
    uri: http://localhost:3000/api/surveys?random=true
    body:
      encoding: UTF-8
      string: '{"survey":{"user_id":202}}'
    headers:
      User-Agent:
      - Faraday v0.9.0
      Content-Type:
      - application/json
      Accept-Encoding:
      - gzip;q=1.0,deflate;q=0.6,identity;q=0.3
      Accept:
      - "*/*"
  response:
    status:
      code: 201
      message: 'Created '
    headers:
      X-Frame-Options:
      - SAMEORIGIN
      X-Xss-Protection:
      - 1; mode=block
      X-Content-Type-Options:
      - nosniff
      X-Ua-Compatible:
      - chrome=1
      Content-Type:
      - application/json; charset=utf-8
      Etag:
      - '"7a4ae6d1b3ea972c3e55c99367a20829"'
      Cache-Control:
      - max-age=0, private, must-revalidate
      X-Request-Id:
      - dcf4f9b1-3a4e-460b-8bf3-2932033ace22
      X-Runtime:
      - '0.058846'
      Server:
      - WEBrick/1.3.1 (Ruby/2.1.1/2014-02-24)
      Date:
      - Sun, 25 May 2014 18:09:39 GMT
      Content-Length:
      - '3445'
      Connection:
      - Keep-Alive
    body:
      encoding: UTF-8
      string: |-
        {
          "id": 152,
          "user_id": 202,
          "survey_questions": [
            {
              "id": 510,
              "text": "To what extent do you expect good things to happen in the future?",
              "type": "range",
              "responses": [
                "0",
                "10"
              ],
              "freeform": false,
              "_links": {
                "self": {
                  "href": "http://localhost:3000/api/surveys/152/survey_questions/510"
                },
                "survey": {
                  "href": "http://localhost:3000/api/surveys/152"
                },
                "create": {
                  "href": "http://localhost:3000/api/surveys/152/survey_questions"
                },
                "submit": {
                  "href": "http://localhost:3000/api/surveys/152/survey_questions/510"
                }
              }
            },
            {
              "id": 511,
              "text": "To what extent are you engrossed in what you are doing?",
              "type": "range",
              "responses": [
                "0",
                "10"
              ],
              "freeform": false,
              "_links": {
                "self": {
                  "href": "http://localhost:3000/api/surveys/152/survey_questions/511"
                },
                "survey": {
                  "href": "http://localhost:3000/api/surveys/152"
                },
                "create": {
                  "href": "http://localhost:3000/api/surveys/152/survey_questions"
                },
                "submit": {
                  "href": "http://localhost:3000/api/surveys/152/survey_questions/511"
                }
              }
            },
            {
              "id": 512,
              "text": "How well did you sleep last night?",
              "type": "range",
              "responses": [
                "0",
                "10"
              ],
              "freeform": false,
              "_links": {
                "self": {
                  "href": "http://localhost:3000/api/surveys/152/survey_questions/512"
                },
                "survey": {
                  "href": "http://localhost:3000/api/surveys/152"
                },
                "create": {
                  "href": "http://localhost:3000/api/surveys/152/survey_questions"
                },
                "submit": {
                  "href": "http://localhost:3000/api/surveys/152/survey_questions/512"
                }
              }
            },
            {
              "id": 513,
              "text": "Are you alone?",
              "type": "boolean",
              "responses": [
                "t",
                "f"
              ],
              "freeform": false,
              "_links": {
                "self": {
                  "href": "http://localhost:3000/api/surveys/152/survey_questions/513"
                },
                "survey": {
                  "href": "http://localhost:3000/api/surveys/152"
                },
                "create": {
                  "href": "http://localhost:3000/api/surveys/152/survey_questions"
                },
                "submit": {
                  "href": "http://localhost:3000/api/surveys/152/survey_questions/513"
                }
              }
            },
            {
              "id": 514,
              "text": "What time did you wake up this morning?",
              "type": "time",
              "freeform": false,
              "_links": {
                "self": {
                  "href": "http://localhost:3000/api/surveys/152/survey_questions/514"
                },
                "survey": {
                  "href": "http://localhost:3000/api/surveys/152"
                },
                "create": {
                  "href": "http://localhost:3000/api/surveys/152/survey_questions"
                },
                "submit": {
                  "href": "http://localhost:3000/api/surveys/152/survey_questions/514"
                }
              }
            }
          ],
          "_links": {
            "self": {
              "href": "http://localhost:3000/api/surveys/152"
            },
            "submit": {
              "href": "http://localhost:3000/api/surveys/152/survey_questions"
            },
            "next": {
              "href": "http://localhost:3000/api/surveys/152/survey_questions/510"
            }
          }
        }
    http_version: 
  recorded_at: Sun, 25 May 2014 18:09:39 GMT
- request:
    method: put
    uri: http://localhost:3000/api/surveys/152/survey_questions/510
    body:
      encoding: UTF-8
      string: '{"id":510,"survey_question":{"answer":"foo"}}'
    headers:
      User-Agent:
      - Faraday v0.9.0
      Content-Type:
      - application/json
      Accept-Encoding:
      - gzip;q=1.0,deflate;q=0.6,identity;q=0.3
      Accept:
      - "*/*"
  response:
    status:
      code: 204
      message: 'No Content '
    headers:
      X-Frame-Options:
      - SAMEORIGIN
      X-Xss-Protection:
      - 1; mode=block
      X-Content-Type-Options:
      - nosniff
      X-Ua-Compatible:
      - chrome=1
      Cache-Control:
      - no-cache
      X-Request-Id:
      - 9d7b246c-376f-41c6-b953-e9809c944317
      X-Runtime:
      - '0.007174'
      Server:
      - WEBrick/1.3.1 (Ruby/2.1.1/2014-02-24)
      Date:
      - Sun, 25 May 2014 18:09:39 GMT
      Connection:
      - Keep-Alive
    body:
      encoding: UTF-8
      string: ''
    http_version: 
  recorded_at: Sun, 25 May 2014 18:09:39 GMT
- request:
    method: get
    uri: http://localhost:3000/api/surveys/152
    body:
      encoding: US-ASCII
      string: ''
    headers:
      User-Agent:
      - Faraday v0.9.0
      Content-Type:
      - application/json
      Accept-Encoding:
      - gzip;q=1.0,deflate;q=0.6,identity;q=0.3
      Accept:
      - "*/*"
  response:
    status:
      code: 200
      message: 'OK '
    headers:
      X-Frame-Options:
      - SAMEORIGIN
      X-Xss-Protection:
      - 1; mode=block
      X-Content-Type-Options:
      - nosniff
      X-Ua-Compatible:
      - chrome=1
      Content-Type:
      - application/json; charset=utf-8
      Etag:
      - '"d1ff105a046b0d20ce91cb47119d1e5d"'
      Cache-Control:
      - max-age=0, private, must-revalidate
      X-Request-Id:
      - a68f9f6b-c0e5-410c-af54-71e696082be7
      X-Runtime:
      - '0.050670'
      Server:
      - WEBrick/1.3.1 (Ruby/2.1.1/2014-02-24)
      Date:
      - Sun, 25 May 2014 18:09:39 GMT
      Content-Length:
      - '3468'
      Connection:
      - Keep-Alive
    body:
      encoding: UTF-8
      string: |-
        {
          "id": 152,
          "user_id": 202,
          "survey_questions": [
            {
              "id": 511,
              "text": "To what extent are you engrossed in what you are doing?",
              "type": "range",
              "responses": [
                "0",
                "10"
              ],
              "freeform": false,
              "_links": {
                "self": {
                  "href": "http://localhost:3000/api/surveys/152/survey_questions/511"
                },
                "survey": {
                  "href": "http://localhost:3000/api/surveys/152"
                },
                "create": {
                  "href": "http://localhost:3000/api/surveys/152/survey_questions"
                },
                "submit": {
                  "href": "http://localhost:3000/api/surveys/152/survey_questions/511"
                }
              }
            },
            {
              "id": 512,
              "text": "How well did you sleep last night?",
              "type": "range",
              "responses": [
                "0",
                "10"
              ],
              "freeform": false,
              "_links": {
                "self": {
                  "href": "http://localhost:3000/api/surveys/152/survey_questions/512"
                },
                "survey": {
                  "href": "http://localhost:3000/api/surveys/152"
                },
                "create": {
                  "href": "http://localhost:3000/api/surveys/152/survey_questions"
                },
                "submit": {
                  "href": "http://localhost:3000/api/surveys/152/survey_questions/512"
                }
              }
            },
            {
              "id": 513,
              "text": "Are you alone?",
              "type": "boolean",
              "responses": [
                "t",
                "f"
              ],
              "freeform": false,
              "_links": {
                "self": {
                  "href": "http://localhost:3000/api/surveys/152/survey_questions/513"
                },
                "survey": {
                  "href": "http://localhost:3000/api/surveys/152"
                },
                "create": {
                  "href": "http://localhost:3000/api/surveys/152/survey_questions"
                },
                "submit": {
                  "href": "http://localhost:3000/api/surveys/152/survey_questions/513"
                }
              }
            },
            {
              "id": 514,
              "text": "What time did you wake up this morning?",
              "type": "time",
              "freeform": false,
              "_links": {
                "self": {
                  "href": "http://localhost:3000/api/surveys/152/survey_questions/514"
                },
                "survey": {
                  "href": "http://localhost:3000/api/surveys/152"
                },
                "create": {
                  "href": "http://localhost:3000/api/surveys/152/survey_questions"
                },
                "submit": {
                  "href": "http://localhost:3000/api/surveys/152/survey_questions/514"
                }
              }
            },
            {
              "id": 510,
              "text": "To what extent do you expect good things to happen in the future?",
              "type": "range",
              "responses": [
                "0",
                "10"
              ],
              "answer": "foo",
              "freeform": false,
              "_links": {
                "self": {
                  "href": "http://localhost:3000/api/surveys/152/survey_questions/510"
                },
                "survey": {
                  "href": "http://localhost:3000/api/surveys/152"
                },
                "create": {
                  "href": "http://localhost:3000/api/surveys/152/survey_questions"
                },
                "submit": {
                  "href": "http://localhost:3000/api/surveys/152/survey_questions/510"
                }
              }
            }
          ],
          "_links": {
            "self": {
              "href": "http://localhost:3000/api/surveys/152"
            },
            "submit": {
              "href": "http://localhost:3000/api/surveys/152/survey_questions"
            },
            "next": {
              "href": "http://localhost:3000/api/surveys/152/survey_questions/511"
            }
          }
        }
    http_version: 
  recorded_at: Sun, 25 May 2014 18:09:39 GMT
- request:
    method: get
    uri: http://localhost:3000/
    body:
      encoding: US-ASCII
      string: ''
    headers:
      User-Agent:
      - Faraday v0.9.0
      Content-Type:
      - application/json
      Accept-Encoding:
      - gzip;q=1.0,deflate;q=0.6,identity;q=0.3
      Accept:
      - "*/*"
  response:
    status:
      code: 200
      message: 'OK '
    headers:
      X-Frame-Options:
      - SAMEORIGIN
      X-Xss-Protection:
      - 1; mode=block
      X-Content-Type-Options:
      - nosniff
      X-Ua-Compatible:
      - chrome=1
      Content-Type:
      - application/json; charset=utf-8
      Etag:
      - '"a723ac88b99a06c255a3384c2d01f4fb"'
      Cache-Control:
      - max-age=0, private, must-revalidate
      X-Request-Id:
      - d7f0f4cb-0eec-40e9-a7cb-46cc556cac73
      X-Runtime:
      - '0.006808'
      Server:
      - WEBrick/1.3.1 (Ruby/2.1.1/2014-02-24)
      Date:
      - Sun, 25 May 2014 18:10:09 GMT
      Content-Length:
      - '305'
      Connection:
      - Keep-Alive
    body:
      encoding: UTF-8
      string: |-
        {
          "_links": {
            "self": {
              "href": "http://localhost:3000/api"
            },
            "surveys": {
              "href": "http://localhost:3000/api/surveys"
            },
            "users": {
              "href": "http://localhost:3000/api/users"
            },
            "questions": {
              "href": "http://localhost:3000/api/questions"
            }
          }
        }
    http_version: 
  recorded_at: Sun, 25 May 2014 18:10:09 GMT
- request:
    method: get
    uri: http://localhost:3000/api/questions
    body:
      encoding: US-ASCII
      string: ''
    headers:
      User-Agent:
      - Faraday v0.9.0
      Content-Type:
      - application/json
      Accept-Encoding:
      - gzip;q=1.0,deflate;q=0.6,identity;q=0.3
      Accept:
      - "*/*"
  response:
    status:
      code: 200
      message: 'OK '
    headers:
      X-Frame-Options:
      - SAMEORIGIN
      X-Xss-Protection:
      - 1; mode=block
      X-Content-Type-Options:
      - nosniff
      X-Ua-Compatible:
      - chrome=1
      Content-Type:
      - application/json; charset=utf-8
      Etag:
      - '"431a273abcc40a3bb311bbe267ebed26"'
      Cache-Control:
      - max-age=0, private, must-revalidate
      X-Request-Id:
      - ee034fd3-c461-4993-939d-b6f50967fbde
      X-Runtime:
      - '0.010619'
      Server:
      - WEBrick/1.3.1 (Ruby/2.1.1/2014-02-24)
      Date:
      - Sun, 25 May 2014 18:10:09 GMT
      Content-Length:
      - '10868'
      Connection:
      - Keep-Alive
    body:
      encoding: UTF-8
      string: |-
        [
          {
            "id": 1,
            "text": "How hungry or full are you right now?",
            "created_at": "2014-05-20T01:42:05.049Z",
            "updated_at": "2014-05-20T01:42:05.054Z",
            "responses": [
              "Very hungry",
              "Somewhat hungry",
              "Neither full nor hungry",
              "Somewhat full",
              "Very full"
            ],
            "question_type": "multiple",
            "freeform": false
          },
          {
            "id": 2,
            "text": "What time did you wake up this morning?",
            "created_at": "2014-05-20T01:42:05.057Z",
            "updated_at": "2014-05-20T01:42:05.057Z",
            "responses": null,
            "question_type": "time",
            "freeform": false
          },
          {
            "id": 3,
            "text": "What time did you got to sleep last night?",
            "created_at": "2014-05-20T01:42:05.059Z",
            "updated_at": "2014-05-20T01:42:05.059Z",
            "responses": null,
            "question_type": "time",
            "freeform": false
          },
          {
            "id": 4,
            "text": "Are you judging or evaluating yourself right now (i.e. at the moment just before you were notified)?",
            "created_at": "2014-05-20T01:42:05.060Z",
            "updated_at": "2014-05-20T01:42:05.062Z",
            "responses": [
              "f",
              "Yes - Negatively",
              "Yes - Neutrally",
              "Yes - Positively"
            ],
            "question_type": "multiple",
            "freeform": false
          },
          {
            "id": 5,
            "text": "How well did you sleep last night?",
            "created_at": "2014-05-20T01:42:05.064Z",
            "updated_at": "2014-05-20T01:42:05.065Z",
            "responses": [
              "0",
              "10"
            ],
            "question_type": "range",
            "freeform": false
          },
          {
            "id": 6,
            "text": "To what extent are you engrossed in what you are doing?",
            "created_at": "2014-05-20T01:42:05.067Z",
            "updated_at": "2014-05-20T01:42:05.068Z",
            "responses": [
              "0",
              "10"
            ],
            "question_type": "range",
            "freeform": false
          },
          {
            "id": 7,
            "text": "To what extent do you feel accepted by the person/people you are interacting with?",
            "created_at": "2014-05-20T01:42:05.070Z",
            "updated_at": "2014-05-20T01:42:05.071Z",
            "responses": [
              "0",
              "10"
            ],
            "question_type": "range",
            "freeform": false
          },
          {
            "id": 8,
            "text": "Are you judging or evaluating what you are doing right now (i.e. at the moment just before you were notified?)",
            "created_at": "2014-05-20T01:42:05.073Z",
            "updated_at": "2014-05-20T01:42:05.074Z",
            "responses": [
              "f",
              "Yes - Negatively",
              "Yes - Neutrally",
              "Yes - Positively"
            ],
            "question_type": "multiple",
            "freeform": false
          },
          {
            "id": 9,
            "text": "In the past 24 hours, have you engaged in sexual activity with another person?",
            "created_at": "2014-05-20T01:42:05.076Z",
            "updated_at": "2014-05-20T01:42:05.078Z",
            "responses": [
              "t",
              "f"
            ],
            "question_type": "boolean",
            "freeform": false
          },
          {
            "id": 10,
            "text": "Imagine you were given $10 to divide between yourself and a stranger to whom you would remain anonymous. How much would you give to the stranger?",
            "created_at": "2014-05-20T01:42:05.080Z",
            "updated_at": "2014-05-20T01:42:05.082Z",
            "responses": [
              [
                "0",
                "1",
                "2",
                "3",
                "4",
                "5",
                "6",
                "7",
                "8",
                "9",
                "10"
              ]
            ],
            "question_type": "multiple",
            "freeform": false
          },
          {
            "id": 11,
            "text": "Have you surprised someone with a gift (including small gifts) in the last week?",
            "created_at": "2014-05-20T01:42:05.085Z",
            "updated_at": "2014-05-20T01:42:05.086Z",
            "responses": [
              "t",
              "f"
            ],
            "question_type": "boolean",
            "freeform": false
          },
          {
            "id": 12,
            "text": "In general, how is your health?",
            "created_at": "2014-05-20T01:42:05.089Z",
            "updated_at": "2014-05-20T01:42:05.090Z",
            "responses": [
              "Excellent",
              "Very Good",
              "Good",
              "Fair",
              "Poor"
            ],
            "question_type": "multiple",
            "freeform": false
          },
          {
            "id": 13,
            "text": "Where would you place yourself on this ladder?\nThink of a ladder representing where people stand in your country.\nAt the top of the ladder are the people who are the best off - those who have the most money, the most education and the most respected jobs. At the bottom are the people who are the worst off - who have the least money, least education, and the least respected jobs or no job. The higher up you are on the ladder, the closer you are to the people at the very top; the lower you are the closer you are to people at the very bottom.",
            "created_at": "2014-05-20T01:42:05.092Z",
            "updated_at": "2014-05-20T01:42:05.093Z",
            "responses": [
              "0",
              "10"
            ],
            "question_type": "range",
            "freeform": false
          },
          {
            "id": 14,
            "text": "To what extent is what you're doing interesting?",
            "created_at": "2014-05-20T01:42:05.095Z",
            "updated_at": "2014-05-20T01:42:05.096Z",
            "responses": [
              "0",
              "10"
            ],
            "question_type": "range",
            "freeform": false
          },
          {
            "id": 15,
            "text": "On average, how many hours do you work each week?",
            "created_at": "2014-05-20T01:42:05.098Z",
            "updated_at": "2014-05-20T01:42:05.100Z",
            "responses": [
              "Less than 5",
              "5-10",
              "10-20",
              "20-30",
              "30-40",
              "40-50",
              "50-60",
              "60-70",
              "More than 70"
            ],
            "question_type": "multiple",
            "freeform": false
          },
          {
            "id": 16,
            "text": "How do you feel right now?",
            "created_at": "2014-05-20T01:42:05.102Z",
            "updated_at": "2014-05-20T01:42:05.103Z",
            "responses": [
              "0",
              "10"
            ],
            "question_type": "range",
            "freeform": false
          },
          {
            "id": 17,
            "text": "To what extent do you expect good things to happen in the future?",
            "created_at": "2014-05-20T01:42:05.105Z",
            "updated_at": "2014-05-20T01:42:05.106Z",
            "responses": [
              "0",
              "10"
            ],
            "question_type": "range",
            "freeform": false
          },
          {
            "id": 18,
            "text": "Have you taken any over-the-counter pain medication in the past 24 hours?",
            "created_at": "2014-05-20T01:42:05.108Z",
            "updated_at": "2014-05-20T01:42:05.109Z",
            "responses": [
              "t",
              "f"
            ],
            "question_type": "boolean",
            "freeform": false
          },
          {
            "id": 19,
            "text": "To what extent have you procrastinated so far today?",
            "created_at": "2014-05-20T01:42:05.111Z",
            "updated_at": "2014-05-20T01:42:05.113Z",
            "responses": [
              "0",
              "10"
            ],
            "question_type": "range",
            "freeform": false
          },
          {
            "id": 20,
            "text": "To what extent are you being productive?",
            "created_at": "2014-05-20T01:42:05.115Z",
            "updated_at": "2014-05-20T01:42:05.116Z",
            "responses": [
              "0",
              "10"
            ],
            "question_type": "range",
            "freeform": false
          },
          {
            "id": 21,
            "text": "Who are you talking or interacting with?",
            "created_at": "2014-05-20T01:42:05.117Z",
            "updated_at": "2014-05-20T01:42:05.119Z",
            "responses": [
              "Spouse/partner/significant other",
              "Children",
              "Parents",
              "Other relatives",
              "Friends",
              "Acquaintances",
              "Strangers",
              "Co-workers",
              "Customers/students",
              "Boss"
            ],
            "question_type": "multiple",
            "freeform": true
          },
          {
            "id": 22,
            "text": "To what extent do you feel accepted by the person/people you are interacting with?",
            "created_at": "2014-05-20T01:42:05.120Z",
            "updated_at": "2014-05-20T01:42:05.122Z",
            "responses": [
              "0",
              "10"
            ],
            "question_type": "range",
            "freeform": false
          },
          {
            "id": 23,
            "text": "Are you alone?",
            "created_at": "2014-05-20T01:42:05.124Z",
            "updated_at": "2014-05-20T01:42:05.125Z",
            "responses": [
              "t",
              "f"
            ],
            "question_type": "boolean",
            "freeform": false
          },
          {
            "id": 24,
            "text": "Do you want to do what you're doing?",
            "created_at": "2014-05-20T01:42:05.127Z",
            "updated_at": "2014-05-20T01:42:05.128Z",
            "responses": [
              "t",
              "f"
            ],
            "question_type": "boolean",
            "freeform": false
          },
          {
            "id": 25,
            "text": "Are you talking or interacting with anyone?",
            "created_at": "2014-05-20T01:42:05.130Z",
            "updated_at": "2014-05-20T01:42:05.132Z",
            "responses": [
              "t",
              "f"
            ],
            "question_type": "boolean",
            "freeform": false
          },
          {
            "id": 26,
            "text": "Where are you?",
            "created_at": "2014-05-20T01:42:05.134Z",
            "updated_at": "2014-05-20T01:42:05.136Z",
            "responses": [
              "At Home",
              "At Work",
              "In a car",
              "Other"
            ],
            "question_type": "multiple",
            "freeform": true
          },
          {
            "id": 27,
            "text": "How many people are you talking or interacting with?",
            "created_at": "2014-05-20T01:42:05.137Z",
            "updated_at": "2014-05-20T01:42:05.139Z",
            "responses": [
              "At Home",
              "At Work",
              "In a car"
            ],
            "question_type": "multiple",
            "freeform": false
          },
          {
            "id": 28,
            "text": "Do you have to do what you're doing?",
            "created_at": "2014-05-20T01:42:05.141Z",
            "updated_at": "2014-05-20T01:42:05.142Z",
            "responses": [
              "t",
              "f"
            ],
            "question_type": "boolean",
            "freeform": false
          },
          {
            "id": 29,
            "text": "To what extent are you focused on what you are doing?",
            "created_at": "2014-05-20T01:42:05.144Z",
            "updated_at": "2014-05-20T01:42:05.146Z",
            "responses": [
              "0",
              "10"
            ],
            "question_type": "range",
            "freeform": false
          },
          {
            "id": 30,
            "text": "When did you last check Facebook?",
            "created_at": "2014-05-20T01:42:05.148Z",
            "updated_at": "2014-05-20T01:42:05.150Z",
            "responses": [
              "Right now",
              "In the last 5 minutes",
              "In the last 15 minutes",
              "In the last 30 minutes",
              "In the last hour",
              "1-2 hours ago",
              "3-5 hours ago",
              "6-12 hours ago",
              "24 hours ago",
              "Don't use facebook"
            ],
            "question_type": "multiple",
            "freeform": false
          },
          {
            "id": 31,
            "text": "Beyond any work you've already done today, how many additional hours do you expect to work today?",
            "created_at": "2014-05-20T01:42:05.152Z",
            "updated_at": "2014-05-20T01:42:05.153Z",
            "responses": [
              "0 (none)",
              "Less than 1 hour",
              "1-2 hours",
              "2-3 hours",
              "3-4 hours",
              "4-5 hours",
              "5-6 hours"
            ],
            "question_type": "multiple",
            "freeform": false
          },
          {
            "id": 32,
            "text": "If you could, and it had no negative consequences, would you jump forward in time 24 hours?",
            "created_at": "2014-05-20T01:42:05.155Z",
            "updated_at": "2014-05-20T01:42:05.156Z",
            "responses": [
              "t",
              "f"
            ],
            "question_type": "boolean",
            "freeform": false
          }
        ]
    http_version: 
  recorded_at: Sun, 25 May 2014 18:10:09 GMT
- request:
    method: get
    uri: http://localhost:3000/
    body:
      encoding: US-ASCII
      string: ''
    headers:
      User-Agent:
      - Faraday v0.9.0
      Content-Type:
      - application/json
      Accept-Encoding:
      - gzip;q=1.0,deflate;q=0.6,identity;q=0.3
      Accept:
      - "*/*"
  response:
    status:
      code: 200
      message: 'OK '
    headers:
      X-Frame-Options:
      - SAMEORIGIN
      X-Xss-Protection:
      - 1; mode=block
      X-Content-Type-Options:
      - nosniff
      X-Ua-Compatible:
      - chrome=1
      Content-Type:
      - application/json; charset=utf-8
      Etag:
      - '"a723ac88b99a06c255a3384c2d01f4fb"'
      Cache-Control:
      - max-age=0, private, must-revalidate
      X-Request-Id:
      - 0717cdab-8780-458c-8b78-16b1562402ff
      X-Runtime:
      - '0.007394'
      Server:
      - WEBrick/1.3.1 (Ruby/2.1.1/2014-02-24)
      Date:
      - Sun, 25 May 2014 18:10:09 GMT
      Content-Length:
      - '305'
      Connection:
      - Keep-Alive
    body:
      encoding: UTF-8
      string: |-
        {
          "_links": {
            "self": {
              "href": "http://localhost:3000/api"
            },
            "surveys": {
              "href": "http://localhost:3000/api/surveys"
            },
            "users": {
              "href": "http://localhost:3000/api/users"
            },
            "questions": {
              "href": "http://localhost:3000/api/questions"
            }
          }
        }
    http_version: 
  recorded_at: Sun, 25 May 2014 18:10:09 GMT
- request:
    method: post
    uri: http://localhost:3000/api/users
    body:
      encoding: UTF-8
      string: '{"user":{"external_user_id":42}}'
    headers:
      User-Agent:
      - Faraday v0.9.0
      Content-Type:
      - application/json
      Accept-Encoding:
      - gzip;q=1.0,deflate;q=0.6,identity;q=0.3
      Accept:
      - "*/*"
  response:
    status:
      code: 201
      message: 'Created '
    headers:
      X-Frame-Options:
      - SAMEORIGIN
      X-Xss-Protection:
      - 1; mode=block
      X-Content-Type-Options:
      - nosniff
      X-Ua-Compatible:
      - chrome=1
      Content-Type:
      - application/json; charset=utf-8
      Etag:
      - '"bdf08cf6b32c0df14e28ae97dba60d71"'
      Cache-Control:
      - max-age=0, private, must-revalidate
      X-Request-Id:
      - 008b86d0-5279-4c65-80b0-94188e426a4e
      X-Runtime:
      - '0.010197'
      Server:
      - WEBrick/1.3.1 (Ruby/2.1.1/2014-02-24)
      Date:
      - Sun, 25 May 2014 18:10:09 GMT
      Content-Length:
      - '275'
      Connection:
      - Keep-Alive
    body:
      encoding: UTF-8
      string: |-
        {
          "id": 204,
          "external_user_id": 42,
          "token": "f76ba768594f67d23a0f64cd74f971dd3051e3f7d5928c2d7db82403e57c87375def1bb09853740ebb82573675ec5886be7c40cf44673e1213456259604d70ef",
          "_links": {
            "self": {
              "href": "http://localhost:3000/api/users/204"
            }
          }
        }
    http_version: 
  recorded_at: Sun, 25 May 2014 18:10:09 GMT
- request:
    method: get
    uri: http://localhost:3000/
    body:
      encoding: US-ASCII
      string: ''
    headers:
      User-Agent:
      - Faraday v0.9.0
      Content-Type:
      - application/json
      Accept-Encoding:
      - gzip;q=1.0,deflate;q=0.6,identity;q=0.3
      Accept:
      - "*/*"
  response:
    status:
      code: 200
      message: 'OK '
    headers:
      X-Frame-Options:
      - SAMEORIGIN
      X-Xss-Protection:
      - 1; mode=block
      X-Content-Type-Options:
      - nosniff
      X-Ua-Compatible:
      - chrome=1
      Content-Type:
      - application/json; charset=utf-8
      Etag:
      - '"a723ac88b99a06c255a3384c2d01f4fb"'
      Cache-Control:
      - max-age=0, private, must-revalidate
      X-Request-Id:
      - fedb5f61-5b1a-4fa4-a8be-cf336baa2e1c
      X-Runtime:
      - '0.012250'
      Server:
      - WEBrick/1.3.1 (Ruby/2.1.1/2014-02-24)
      Date:
      - Sun, 25 May 2014 18:10:09 GMT
      Content-Length:
      - '305'
      Connection:
      - Keep-Alive
    body:
      encoding: UTF-8
      string: |-
        {
          "_links": {
            "self": {
              "href": "http://localhost:3000/api"
            },
            "surveys": {
              "href": "http://localhost:3000/api/surveys"
            },
            "users": {
              "href": "http://localhost:3000/api/users"
            },
            "questions": {
              "href": "http://localhost:3000/api/questions"
            }
          }
        }
    http_version: 
  recorded_at: Sun, 25 May 2014 18:10:09 GMT
- request:
    method: post
    uri: http://localhost:3000/api/surveys
    body:
      encoding: UTF-8
      string: '{"survey":{"user_id":204}}'
    headers:
      User-Agent:
      - Faraday v0.9.0
      Content-Type:
      - application/json
      Accept-Encoding:
      - gzip;q=1.0,deflate;q=0.6,identity;q=0.3
      Accept:
      - "*/*"
  response:
    status:
      code: 201
      message: 'Created '
    headers:
      X-Frame-Options:
      - SAMEORIGIN
      X-Xss-Protection:
      - 1; mode=block
      X-Content-Type-Options:
      - nosniff
      X-Ua-Compatible:
      - chrome=1
      Content-Type:
      - application/json; charset=utf-8
      Etag:
      - '"1e583ddb84e0feafa8030d5e61ef7a16"'
      Cache-Control:
      - max-age=0, private, must-revalidate
      X-Request-Id:
      - 5ae5c941-b80f-4052-9a99-7597be667654
      X-Runtime:
      - '0.012335'
      Server:
      - WEBrick/1.3.1 (Ruby/2.1.1/2014-02-24)
      Date:
      - Sun, 25 May 2014 18:10:09 GMT
      Content-Length:
      - '250'
      Connection:
      - Keep-Alive
    body:
      encoding: UTF-8
      string: |-
        {
          "id": 154,
          "user_id": 204,
          "survey_questions": [

          ],
          "_links": {
            "self": {
              "href": "http://localhost:3000/api/surveys/154"
            },
            "submit": {
              "href": "http://localhost:3000/api/surveys/154/survey_questions"
            }
          }
        }
    http_version: 
  recorded_at: Sun, 25 May 2014 18:10:09 GMT
- request:
    method: post
    uri: http://localhost:3000/api/surveys/154/survey_questions
    body:
      encoding: UTF-8
      string: '{"survey_question":{"question_id":9}}'
    headers:
      User-Agent:
      - Faraday v0.9.0
      Content-Type:
      - application/json
      Accept-Encoding:
      - gzip;q=1.0,deflate;q=0.6,identity;q=0.3
      Accept:
      - "*/*"
  response:
    status:
      code: 201
      message: 'Created '
    headers:
      X-Frame-Options:
      - SAMEORIGIN
      X-Xss-Protection:
      - 1; mode=block
      X-Content-Type-Options:
      - nosniff
      X-Ua-Compatible:
      - chrome=1
      Content-Type:
      - application/json; charset=utf-8
      Etag:
      - '"a7e6ecbdd93b46de83ce955fd5c482b7"'
      Cache-Control:
      - max-age=0, private, must-revalidate
      X-Request-Id:
      - 6ead9331-6e6f-4c93-9b06-2e987e9e33b6
      X-Runtime:
      - '0.016382'
      Server:
      - WEBrick/1.3.1 (Ruby/2.1.1/2014-02-24)
      Date:
      - Sun, 25 May 2014 18:10:09 GMT
      Content-Length:
      - '571'
      Connection:
      - Keep-Alive
    body:
      encoding: UTF-8
      string: |-
        {
          "id": 520,
          "text": "In the past 24 hours, have you engaged in sexual activity with another person?",
          "type": "boolean",
          "responses": [
            "t",
            "f"
          ],
          "freeform": false,
          "_links": {
            "self": {
              "href": "http://localhost:3000/api/surveys/154/survey_questions/520"
            },
            "survey": {
              "href": "http://localhost:3000/api/surveys/154"
            },
            "create": {
              "href": "http://localhost:3000/api/surveys/154/survey_questions"
            },
            "submit": {
              "href": "http://localhost:3000/api/surveys/154/survey_questions/520"
            }
          }
        }
    http_version: 
  recorded_at: Sun, 25 May 2014 18:10:09 GMT
- request:
    method: get
    uri: http://localhost:3000/api/surveys/154
    body:
      encoding: US-ASCII
      string: ''
    headers:
      User-Agent:
      - Faraday v0.9.0
      Content-Type:
      - application/json
      Accept-Encoding:
      - gzip;q=1.0,deflate;q=0.6,identity;q=0.3
      Accept:
      - "*/*"
  response:
    status:
      code: 200
      message: 'OK '
    headers:
      X-Frame-Options:
      - SAMEORIGIN
      X-Xss-Protection:
      - 1; mode=block
      X-Content-Type-Options:
      - nosniff
      X-Ua-Compatible:
      - chrome=1
      Content-Type:
      - application/json; charset=utf-8
      Etag:
      - '"44da9d4ddfbc29de95415e583930d342"'
      Cache-Control:
      - max-age=0, private, must-revalidate
      X-Request-Id:
      - 65dd03da-4779-450f-aa2f-6da7f30ae97d
      X-Runtime:
      - '0.020623'
      Server:
      - WEBrick/1.3.1 (Ruby/2.1.1/2014-02-24)
      Date:
      - Sun, 25 May 2014 18:10:09 GMT
      Content-Length:
      - '1013'
      Connection:
      - Keep-Alive
    body:
      encoding: UTF-8
      string: |-
        {
          "id": 154,
          "user_id": 204,
          "survey_questions": [
            {
              "id": 520,
              "text": "In the past 24 hours, have you engaged in sexual activity with another person?",
              "type": "boolean",
              "responses": [
                "t",
                "f"
              ],
              "freeform": false,
              "_links": {
                "self": {
                  "href": "http://localhost:3000/api/surveys/154/survey_questions/520"
                },
                "survey": {
                  "href": "http://localhost:3000/api/surveys/154"
                },
                "create": {
                  "href": "http://localhost:3000/api/surveys/154/survey_questions"
                },
                "submit": {
                  "href": "http://localhost:3000/api/surveys/154/survey_questions/520"
                }
              }
            }
          ],
          "_links": {
            "self": {
              "href": "http://localhost:3000/api/surveys/154"
            },
            "submit": {
              "href": "http://localhost:3000/api/surveys/154/survey_questions"
            },
            "next": {
              "href": "http://localhost:3000/api/surveys/154/survey_questions/520"
            }
          }
        }
    http_version: 
  recorded_at: Sun, 25 May 2014 18:10:09 GMT
- request:
    method: put
    uri: http://localhost:3000/api/surveys/154/survey_questions/520
    body:
      encoding: UTF-8
      string: '{"id":520,"survey_question":{"answer":"true"}}'
    headers:
      User-Agent:
      - Faraday v0.9.0
      Content-Type:
      - application/json
      Accept-Encoding:
      - gzip;q=1.0,deflate;q=0.6,identity;q=0.3
      Accept:
      - "*/*"
  response:
    status:
      code: 204
      message: 'No Content '
    headers:
      X-Frame-Options:
      - SAMEORIGIN
      X-Xss-Protection:
      - 1; mode=block
      X-Content-Type-Options:
      - nosniff
      X-Ua-Compatible:
      - chrome=1
      Cache-Control:
      - no-cache
      X-Request-Id:
      - dd500bd5-05fd-4130-b69a-b722dfe2d864
      X-Runtime:
      - '0.008093'
      Server:
      - WEBrick/1.3.1 (Ruby/2.1.1/2014-02-24)
      Date:
      - Sun, 25 May 2014 18:10:09 GMT
      Connection:
      - Keep-Alive
    body:
      encoding: UTF-8
      string: ''
    http_version: 
  recorded_at: Sun, 25 May 2014 18:10:09 GMT
- request:
    method: get
    uri: http://localhost:3000/api/surveys/154
    body:
      encoding: US-ASCII
      string: ''
    headers:
      User-Agent:
      - Faraday v0.9.0
      Content-Type:
      - application/json
      Accept-Encoding:
      - gzip;q=1.0,deflate;q=0.6,identity;q=0.3
      Accept:
      - "*/*"
  response:
    status:
      code: 200
      message: 'OK '
    headers:
      X-Frame-Options:
      - SAMEORIGIN
      X-Xss-Protection:
      - 1; mode=block
      X-Content-Type-Options:
      - nosniff
      X-Ua-Compatible:
      - chrome=1
      Content-Type:
      - application/json; charset=utf-8
      Etag:
      - '"3723a741a2887044ea2df41833ed452b"'
      Cache-Control:
      - max-age=0, private, must-revalidate
      X-Request-Id:
      - 3bee1f6b-1ec0-4567-83e1-a2997cffafdb
      X-Runtime:
      - '0.018576'
      Server:
      - WEBrick/1.3.1 (Ruby/2.1.1/2014-02-24)
      Date:
      - Sun, 25 May 2014 18:10:09 GMT
      Content-Length:
      - '941'
      Connection:
      - Keep-Alive
    body:
      encoding: UTF-8
      string: |-
        {
          "id": 154,
          "user_id": 204,
          "survey_questions": [
            {
              "id": 520,
              "text": "In the past 24 hours, have you engaged in sexual activity with another person?",
              "type": "boolean",
              "responses": [
                "t",
                "f"
              ],
              "answer": "true",
              "freeform": false,
              "_links": {
                "self": {
                  "href": "http://localhost:3000/api/surveys/154/survey_questions/520"
                },
                "survey": {
                  "href": "http://localhost:3000/api/surveys/154"
                },
                "create": {
                  "href": "http://localhost:3000/api/surveys/154/survey_questions"
                },
                "submit": {
                  "href": "http://localhost:3000/api/surveys/154/survey_questions/520"
                }
              }
            }
          ],
          "_links": {
            "self": {
              "href": "http://localhost:3000/api/surveys/154"
            },
            "submit": {
              "href": "http://localhost:3000/api/surveys/154/survey_questions"
            }
          }
        }
    http_version: 
  recorded_at: Sun, 25 May 2014 18:10:09 GMT
recorded_with: VCR 2.6.0
