---
http_interactions:
- request:
    method: post
    uri: http://localhost:3000/api/surveys?random=true
    body:
      encoding: UTF-8
      string: '{"survey":{"user_id":235}}'
    headers:
      User-Agent:
      - Faraday v0.9.0
      Content-Type:
      - application/json
      Api-Token:
      - testing
      Accept-Encoding:
      - gzip;q=1.0,deflate;q=0.6,identity;q=0.3
      Accept:
      - "*/*"
  response:
    status:
      code: 201
      message: 'Created '
    headers:
      X-Frame-Options:
      - SAMEORIGIN
      X-Xss-Protection:
      - 1; mode=block
      X-Content-Type-Options:
      - nosniff
      X-Ua-Compatible:
      - chrome=1
      Content-Type:
      - application/json; charset=utf-8
      Etag:
      - '"5fed12c67b93fae665202508f8295de0"'
      Cache-Control:
      - max-age=0, private, must-revalidate
      X-Request-Id:
      - 7bbd56f8-4421-4f9f-8431-24c12bc9cbf1
      X-Runtime:
      - '0.079377'
      Server:
      - WEBrick/1.3.1 (Ruby/2.1.1/2014-02-24)
      Date:
      - Mon, 26 May 2014 20:53:53 GMT
      Content-Length:
      - '3882'
      Connection:
      - Keep-Alive
    body:
      encoding: UTF-8
      string: |-
        {
          "id": 191,
          "user_id": 235,
          "survey_questions": [
            {
              "id": 665,
              "text": "To what extent do you feel accepted by the person/people you are interacting with?",
              "type": "range",
              "responses": [
                "0",
                "10"
              ],
              "freeform": false,
              "_links": {
                "self": {
                  "href": "http://localhost:3000/api/surveys/191/survey_questions/665"
                },
                "survey": {
                  "href": "http://localhost:3000/api/surveys/191"
                },
                "create": {
                  "href": "http://localhost:3000/api/surveys/191/survey_questions"
                },
                "submit": {
                  "href": "http://localhost:3000/api/surveys/191/survey_questions/665"
                }
              }
            },
            {
              "id": 666,
              "text": "In general, how is your health?",
              "type": "multiple",
              "responses": [
                "Excellent",
                "Very Good",
                "Good",
                "Fair",
                "Poor"
              ],
              "freeform": false,
              "_links": {
                "self": {
                  "href": "http://localhost:3000/api/surveys/191/survey_questions/666"
                },
                "survey": {
                  "href": "http://localhost:3000/api/surveys/191"
                },
                "create": {
                  "href": "http://localhost:3000/api/surveys/191/survey_questions"
                },
                "submit": {
                  "href": "http://localhost:3000/api/surveys/191/survey_questions/666"
                }
              }
            },
            {
              "id": 667,
              "text": "To what extent do you expect good things to happen in the future?",
              "type": "range",
              "responses": [
                "0",
                "10"
              ],
              "freeform": false,
              "_links": {
                "self": {
                  "href": "http://localhost:3000/api/surveys/191/survey_questions/667"
                },
                "survey": {
                  "href": "http://localhost:3000/api/surveys/191"
                },
                "create": {
                  "href": "http://localhost:3000/api/surveys/191/survey_questions"
                },
                "submit": {
                  "href": "http://localhost:3000/api/surveys/191/survey_questions/667"
                }
              }
            },
            {
              "id": 668,
              "text": "How many people are you talking or interacting with?",
              "type": "multiple",
              "responses": [
                "At Home",
                "At Work",
                "In a car"
              ],
              "freeform": false,
              "_links": {
                "self": {
                  "href": "http://localhost:3000/api/surveys/191/survey_questions/668"
                },
                "survey": {
                  "href": "http://localhost:3000/api/surveys/191"
                },
                "create": {
                  "href": "http://localhost:3000/api/surveys/191/survey_questions"
                },
                "submit": {
                  "href": "http://localhost:3000/api/surveys/191/survey_questions/668"
                }
              }
            },
            {
              "id": 669,
              "text": "Who are you talking or interacting with?",
              "type": "multiple",
              "responses": [
                "Spouse/partner/significant other",
                "Children",
                "Parents",
                "Other relatives",
                "Friends",
                "Acquaintances",
                "Strangers",
                "Co-workers",
                "Customers/students",
                "Boss"
              ],
              "freeform": true,
              "_links": {
                "self": {
                  "href": "http://localhost:3000/api/surveys/191/survey_questions/669"
                },
                "survey": {
                  "href": "http://localhost:3000/api/surveys/191"
                },
                "create": {
                  "href": "http://localhost:3000/api/surveys/191/survey_questions"
                },
                "submit": {
                  "href": "http://localhost:3000/api/surveys/191/survey_questions/669"
                }
              }
            }
          ],
          "_links": {
            "self": {
              "href": "http://localhost:3000/api/surveys/191"
            },
            "submit": {
              "href": "http://localhost:3000/api/surveys/191/survey_questions"
            },
            "next": {
              "href": "http://localhost:3000/api/surveys/191/survey_questions/665"
            }
          }
        }
    http_version: 
  recorded_at: Mon, 26 May 2014 20:53:53 GMT
- request:
    method: put
    uri: http://localhost:3000/api/surveys/191/survey_questions/665
    body:
      encoding: UTF-8
      string: '{"id":665,"survey_question":{"answer":"foo"}}'
    headers:
      User-Agent:
      - Faraday v0.9.0
      Content-Type:
      - application/json
      Api-Token:
      - testing
      Accept-Encoding:
      - gzip;q=1.0,deflate;q=0.6,identity;q=0.3
      Accept:
      - "*/*"
  response:
    status:
      code: 204
      message: 'No Content '
    headers:
      X-Frame-Options:
      - SAMEORIGIN
      X-Xss-Protection:
      - 1; mode=block
      X-Content-Type-Options:
      - nosniff
      X-Ua-Compatible:
      - chrome=1
      Cache-Control:
      - no-cache
      X-Request-Id:
      - 1bc137fe-8629-4d72-a7cd-0520af268373
      X-Runtime:
      - '0.008954'
      Server:
      - WEBrick/1.3.1 (Ruby/2.1.1/2014-02-24)
      Date:
      - Mon, 26 May 2014 20:53:53 GMT
      Connection:
      - Keep-Alive
    body:
      encoding: UTF-8
      string: ''
    http_version: 
  recorded_at: Mon, 26 May 2014 20:53:53 GMT
- request:
    method: get
    uri: http://localhost:3000/api/surveys/191
    body:
      encoding: US-ASCII
      string: ''
    headers:
      User-Agent:
      - Faraday v0.9.0
      Content-Type:
      - application/json
      Api-Token:
      - testing
      Accept-Encoding:
      - gzip;q=1.0,deflate;q=0.6,identity;q=0.3
      Accept:
      - "*/*"
  response:
    status:
      code: 200
      message: 'OK '
    headers:
      X-Frame-Options:
      - SAMEORIGIN
      X-Xss-Protection:
      - 1; mode=block
      X-Content-Type-Options:
      - nosniff
      X-Ua-Compatible:
      - chrome=1
      Content-Type:
      - application/json; charset=utf-8
      Etag:
      - '"1339e833311c37169542a779cb13b016"'
      Cache-Control:
      - max-age=0, private, must-revalidate
      X-Request-Id:
      - 68d7db41-3bb1-4e02-a779-d7d1d2996050
      X-Runtime:
      - '0.057357'
      Server:
      - WEBrick/1.3.1 (Ruby/2.1.1/2014-02-24)
      Date:
      - Mon, 26 May 2014 20:53:53 GMT
      Content-Length:
      - '3905'
      Connection:
      - Keep-Alive
    body:
      encoding: UTF-8
      string: |-
        {
          "id": 191,
          "user_id": 235,
          "survey_questions": [
            {
              "id": 666,
              "text": "In general, how is your health?",
              "type": "multiple",
              "responses": [
                "Excellent",
                "Very Good",
                "Good",
                "Fair",
                "Poor"
              ],
              "freeform": false,
              "_links": {
                "self": {
                  "href": "http://localhost:3000/api/surveys/191/survey_questions/666"
                },
                "survey": {
                  "href": "http://localhost:3000/api/surveys/191"
                },
                "create": {
                  "href": "http://localhost:3000/api/surveys/191/survey_questions"
                },
                "submit": {
                  "href": "http://localhost:3000/api/surveys/191/survey_questions/666"
                }
              }
            },
            {
              "id": 667,
              "text": "To what extent do you expect good things to happen in the future?",
              "type": "range",
              "responses": [
                "0",
                "10"
              ],
              "freeform": false,
              "_links": {
                "self": {
                  "href": "http://localhost:3000/api/surveys/191/survey_questions/667"
                },
                "survey": {
                  "href": "http://localhost:3000/api/surveys/191"
                },
                "create": {
                  "href": "http://localhost:3000/api/surveys/191/survey_questions"
                },
                "submit": {
                  "href": "http://localhost:3000/api/surveys/191/survey_questions/667"
                }
              }
            },
            {
              "id": 668,
              "text": "How many people are you talking or interacting with?",
              "type": "multiple",
              "responses": [
                "At Home",
                "At Work",
                "In a car"
              ],
              "freeform": false,
              "_links": {
                "self": {
                  "href": "http://localhost:3000/api/surveys/191/survey_questions/668"
                },
                "survey": {
                  "href": "http://localhost:3000/api/surveys/191"
                },
                "create": {
                  "href": "http://localhost:3000/api/surveys/191/survey_questions"
                },
                "submit": {
                  "href": "http://localhost:3000/api/surveys/191/survey_questions/668"
                }
              }
            },
            {
              "id": 669,
              "text": "Who are you talking or interacting with?",
              "type": "multiple",
              "responses": [
                "Spouse/partner/significant other",
                "Children",
                "Parents",
                "Other relatives",
                "Friends",
                "Acquaintances",
                "Strangers",
                "Co-workers",
                "Customers/students",
                "Boss"
              ],
              "freeform": true,
              "_links": {
                "self": {
                  "href": "http://localhost:3000/api/surveys/191/survey_questions/669"
                },
                "survey": {
                  "href": "http://localhost:3000/api/surveys/191"
                },
                "create": {
                  "href": "http://localhost:3000/api/surveys/191/survey_questions"
                },
                "submit": {
                  "href": "http://localhost:3000/api/surveys/191/survey_questions/669"
                }
              }
            },
            {
              "id": 665,
              "text": "To what extent do you feel accepted by the person/people you are interacting with?",
              "type": "range",
              "responses": [
                "0",
                "10"
              ],
              "answer": "foo",
              "freeform": false,
              "_links": {
                "self": {
                  "href": "http://localhost:3000/api/surveys/191/survey_questions/665"
                },
                "survey": {
                  "href": "http://localhost:3000/api/surveys/191"
                },
                "create": {
                  "href": "http://localhost:3000/api/surveys/191/survey_questions"
                },
                "submit": {
                  "href": "http://localhost:3000/api/surveys/191/survey_questions/665"
                }
              }
            }
          ],
          "_links": {
            "self": {
              "href": "http://localhost:3000/api/surveys/191"
            },
            "submit": {
              "href": "http://localhost:3000/api/surveys/191/survey_questions"
            },
            "next": {
              "href": "http://localhost:3000/api/surveys/191/survey_questions/666"
            }
          }
        }
    http_version: 
  recorded_at: Mon, 26 May 2014 20:53:53 GMT
- request:
    method: post
    uri: http://localhost:3000/api/surveys/193/survey_questions
    body:
      encoding: UTF-8
      string: '{"survey_question":{"question_id":9}}'
    headers:
      User-Agent:
      - Faraday v0.9.0
      Content-Type:
      - application/json
      Api-Token:
      - testing
      Accept-Encoding:
      - gzip;q=1.0,deflate;q=0.6,identity;q=0.3
      Accept:
      - "*/*"
  response:
    status:
      code: 201
      message: 'Created '
    headers:
      X-Frame-Options:
      - SAMEORIGIN
      X-Xss-Protection:
      - 1; mode=block
      X-Content-Type-Options:
      - nosniff
      X-Ua-Compatible:
      - chrome=1
      Content-Type:
      - application/json; charset=utf-8
      Etag:
      - '"b8955b885b4b7f97be496a48a7be4a5b"'
      Cache-Control:
      - max-age=0, private, must-revalidate
      X-Request-Id:
      - 677e3981-3ee8-4340-b76d-de49b8464d6c
      X-Runtime:
      - '0.019323'
      Server:
      - WEBrick/1.3.1 (Ruby/2.1.1/2014-02-24)
      Date:
      - Mon, 26 May 2014 20:54:17 GMT
      Content-Length:
      - '571'
      Connection:
      - Keep-Alive
    body:
      encoding: UTF-8
      string: |-
        {
          "id": 675,
          "text": "In the past 24 hours, have you engaged in sexual activity with another person?",
          "type": "boolean",
          "responses": [
            "t",
            "f"
          ],
          "freeform": false,
          "_links": {
            "self": {
              "href": "http://localhost:3000/api/surveys/193/survey_questions/675"
            },
            "survey": {
              "href": "http://localhost:3000/api/surveys/193"
            },
            "create": {
              "href": "http://localhost:3000/api/surveys/193/survey_questions"
            },
            "submit": {
              "href": "http://localhost:3000/api/surveys/193/survey_questions/675"
            }
          }
        }
    http_version: 
  recorded_at: Mon, 26 May 2014 20:54:17 GMT
- request:
    method: get
    uri: http://localhost:3000/api/surveys/193
    body:
      encoding: US-ASCII
      string: ''
    headers:
      User-Agent:
      - Faraday v0.9.0
      Content-Type:
      - application/json
      Api-Token:
      - testing
      Accept-Encoding:
      - gzip;q=1.0,deflate;q=0.6,identity;q=0.3
      Accept:
      - "*/*"
  response:
    status:
      code: 200
      message: 'OK '
    headers:
      X-Frame-Options:
      - SAMEORIGIN
      X-Xss-Protection:
      - 1; mode=block
      X-Content-Type-Options:
      - nosniff
      X-Ua-Compatible:
      - chrome=1
      Content-Type:
      - application/json; charset=utf-8
      Etag:
      - '"b5701c0481185b5b47f77a7e5925e825"'
      Cache-Control:
      - max-age=0, private, must-revalidate
      X-Request-Id:
      - f32a1d2a-f1d0-45ad-91b1-77085142ae51
      X-Runtime:
      - '0.020149'
      Server:
      - WEBrick/1.3.1 (Ruby/2.1.1/2014-02-24)
      Date:
      - Mon, 26 May 2014 20:54:17 GMT
      Content-Length:
      - '1013'
      Connection:
      - Keep-Alive
    body:
      encoding: UTF-8
      string: |-
        {
          "id": 193,
          "user_id": 239,
          "survey_questions": [
            {
              "id": 675,
              "text": "In the past 24 hours, have you engaged in sexual activity with another person?",
              "type": "boolean",
              "responses": [
                "t",
                "f"
              ],
              "freeform": false,
              "_links": {
                "self": {
                  "href": "http://localhost:3000/api/surveys/193/survey_questions/675"
                },
                "survey": {
                  "href": "http://localhost:3000/api/surveys/193"
                },
                "create": {
                  "href": "http://localhost:3000/api/surveys/193/survey_questions"
                },
                "submit": {
                  "href": "http://localhost:3000/api/surveys/193/survey_questions/675"
                }
              }
            }
          ],
          "_links": {
            "self": {
              "href": "http://localhost:3000/api/surveys/193"
            },
            "submit": {
              "href": "http://localhost:3000/api/surveys/193/survey_questions"
            },
            "next": {
              "href": "http://localhost:3000/api/surveys/193/survey_questions/675"
            }
          }
        }
    http_version: 
  recorded_at: Mon, 26 May 2014 20:54:17 GMT
- request:
    method: put
    uri: http://localhost:3000/api/surveys/193/survey_questions/675
    body:
      encoding: UTF-8
      string: '{"id":675,"survey_question":{"answer":"true"}}'
    headers:
      User-Agent:
      - Faraday v0.9.0
      Content-Type:
      - application/json
      Api-Token:
      - testing
      Accept-Encoding:
      - gzip;q=1.0,deflate;q=0.6,identity;q=0.3
      Accept:
      - "*/*"
  response:
    status:
      code: 204
      message: 'No Content '
    headers:
      X-Frame-Options:
      - SAMEORIGIN
      X-Xss-Protection:
      - 1; mode=block
      X-Content-Type-Options:
      - nosniff
      X-Ua-Compatible:
      - chrome=1
      Cache-Control:
      - no-cache
      X-Request-Id:
      - cc7a73dc-7ab6-4be2-802d-a048c50ebc2c
      X-Runtime:
      - '0.009526'
      Server:
      - WEBrick/1.3.1 (Ruby/2.1.1/2014-02-24)
      Date:
      - Mon, 26 May 2014 20:54:17 GMT
      Connection:
      - Keep-Alive
    body:
      encoding: UTF-8
      string: ''
    http_version: 
  recorded_at: Mon, 26 May 2014 20:54:17 GMT
- request:
    method: get
    uri: http://localhost:3000/api/surveys/193
    body:
      encoding: US-ASCII
      string: ''
    headers:
      User-Agent:
      - Faraday v0.9.0
      Content-Type:
      - application/json
      Api-Token:
      - testing
      Accept-Encoding:
      - gzip;q=1.0,deflate;q=0.6,identity;q=0.3
      Accept:
      - "*/*"
  response:
    status:
      code: 200
      message: 'OK '
    headers:
      X-Frame-Options:
      - SAMEORIGIN
      X-Xss-Protection:
      - 1; mode=block
      X-Content-Type-Options:
      - nosniff
      X-Ua-Compatible:
      - chrome=1
      Content-Type:
      - application/json; charset=utf-8
      Etag:
      - '"ef20da63db6f97098035a804db644d52"'
      Cache-Control:
      - max-age=0, private, must-revalidate
      X-Request-Id:
      - af8273a6-82dc-4727-a3f0-e54f49668528
      X-Runtime:
      - '0.019528'
      Server:
      - WEBrick/1.3.1 (Ruby/2.1.1/2014-02-24)
      Date:
      - Mon, 26 May 2014 20:54:17 GMT
      Content-Length:
      - '941'
      Connection:
      - Keep-Alive
    body:
      encoding: UTF-8
      string: |-
        {
          "id": 193,
          "user_id": 239,
          "survey_questions": [
            {
              "id": 675,
              "text": "In the past 24 hours, have you engaged in sexual activity with another person?",
              "type": "boolean",
              "responses": [
                "t",
                "f"
              ],
              "answer": "true",
              "freeform": false,
              "_links": {
                "self": {
                  "href": "http://localhost:3000/api/surveys/193/survey_questions/675"
                },
                "survey": {
                  "href": "http://localhost:3000/api/surveys/193"
                },
                "create": {
                  "href": "http://localhost:3000/api/surveys/193/survey_questions"
                },
                "submit": {
                  "href": "http://localhost:3000/api/surveys/193/survey_questions/675"
                }
              }
            }
          ],
          "_links": {
            "self": {
              "href": "http://localhost:3000/api/surveys/193"
            },
            "submit": {
              "href": "http://localhost:3000/api/surveys/193/survey_questions"
            }
          }
        }
    http_version: 
  recorded_at: Mon, 26 May 2014 20:54:17 GMT
- request:
    method: get
    uri: http://localhost:3000/
    body:
      encoding: US-ASCII
      string: ''
    headers:
      User-Agent:
      - Faraday v0.9.0
      Content-Type:
      - application/json
      Api-Token:
      - testing
      Accept-Encoding:
      - gzip;q=1.0,deflate;q=0.6,identity;q=0.3
      Accept:
      - "*/*"
  response:
    status:
      code: 200
      message: 'OK '
    headers:
      X-Frame-Options:
      - SAMEORIGIN
      X-Xss-Protection:
      - 1; mode=block
      X-Content-Type-Options:
      - nosniff
      X-Ua-Compatible:
      - chrome=1
      Content-Type:
      - application/json; charset=utf-8
      Etag:
      - '"a723ac88b99a06c255a3384c2d01f4fb"'
      Cache-Control:
      - max-age=0, private, must-revalidate
      X-Request-Id:
      - 9a324988-4344-431b-8c54-67cbf18873e9
      X-Runtime:
      - '0.056897'
      Server:
      - WEBrick/1.3.1 (Ruby/2.1.1/2014-02-24)
      Date:
      - Wed, 28 May 2014 23:42:05 GMT
      Content-Length:
      - '305'
      Connection:
      - Keep-Alive
    body:
      encoding: UTF-8
      string: |-
        {
          "_links": {
            "self": {
              "href": "http://localhost:3000/api"
            },
            "surveys": {
              "href": "http://localhost:3000/api/surveys"
            },
            "users": {
              "href": "http://localhost:3000/api/users"
            },
            "questions": {
              "href": "http://localhost:3000/api/questions"
            }
          }
        }
    http_version: 
  recorded_at: Wed, 28 May 2014 23:42:05 GMT
- request:
    method: get
    uri: http://localhost:3000/api/questions
    body:
      encoding: US-ASCII
      string: ''
    headers:
      User-Agent:
      - Faraday v0.9.0
      Content-Type:
      - application/json
      Api-Token:
      - testing
      Accept-Encoding:
      - gzip;q=1.0,deflate;q=0.6,identity;q=0.3
      Accept:
      - "*/*"
  response:
    status:
      code: 200
      message: 'OK '
    headers:
      X-Frame-Options:
      - SAMEORIGIN
      X-Xss-Protection:
      - 1; mode=block
      X-Content-Type-Options:
      - nosniff
      X-Ua-Compatible:
      - chrome=1
      Content-Type:
      - application/json; charset=utf-8
      Etag:
      - '"30e99cf1968ef3f288f69e72516146dc"'
      Cache-Control:
      - max-age=0, private, must-revalidate
      X-Request-Id:
      - 95014bec-9d39-438b-ba6b-fef9edb57432
      X-Runtime:
      - '0.055484'
      Server:
      - WEBrick/1.3.1 (Ruby/2.1.1/2014-02-24)
      Date:
      - Wed, 28 May 2014 23:42:05 GMT
      Content-Length:
      - '11655'
      Connection:
      - Keep-Alive
    body:
      encoding: UTF-8
      string: |-
        [
          {
            "id": 65,
            "text": "How hungry or full are you right now?",
            "created_at": "2014-05-27T12:36:41.979Z",
            "updated_at": "2014-05-27T12:36:41.987Z",
            "responses": [
              "Very hungry",
              "Somewhat hungry",
              "Neither full nor hungry",
              "Somewhat full",
              "Very full"
            ],
            "question_type": "multiple",
            "freeform": false,
            "always_show": null
          },
          {
            "id": 66,
            "text": "What time did you wake up this morning?",
            "created_at": "2014-05-27T12:36:41.991Z",
            "updated_at": "2014-05-27T12:36:41.991Z",
            "responses": null,
            "question_type": "time",
            "freeform": false,
            "always_show": null
          },
          {
            "id": 67,
            "text": "What time did you got to sleep last night?",
            "created_at": "2014-05-27T12:36:41.993Z",
            "updated_at": "2014-05-27T12:36:41.993Z",
            "responses": null,
            "question_type": "time",
            "freeform": false,
            "always_show": null
          },
          {
            "id": 68,
            "text": "Are you judging or evaluating yourself right now (i.e. at the moment just before you were notified)?",
            "created_at": "2014-05-27T12:36:41.995Z",
            "updated_at": "2014-05-27T12:36:41.996Z",
            "responses": [
              "f",
              "Yes - Negatively",
              "Yes - Neutrally",
              "Yes - Positively"
            ],
            "question_type": "multiple",
            "freeform": false,
            "always_show": null
          },
          {
            "id": 69,
            "text": "How well did you sleep last night?",
            "created_at": "2014-05-27T12:36:41.998Z",
            "updated_at": "2014-05-27T12:36:41.999Z",
            "responses": [
              "0",
              "10"
            ],
            "question_type": "range",
            "freeform": false,
            "always_show": null
          },
          {
            "id": 70,
            "text": "To what extent are you engrossed in what you are doing?",
            "created_at": "2014-05-27T12:36:42.001Z",
            "updated_at": "2014-05-27T12:36:42.002Z",
            "responses": [
              "0",
              "10"
            ],
            "question_type": "range",
            "freeform": false,
            "always_show": null
          },
          {
            "id": 71,
            "text": "To what extent do you feel accepted by the person/people you are interacting with?",
            "created_at": "2014-05-27T12:36:42.004Z",
            "updated_at": "2014-05-27T12:36:42.005Z",
            "responses": [
              "0",
              "10"
            ],
            "question_type": "range",
            "freeform": false,
            "always_show": null
          },
          {
            "id": 72,
            "text": "Are you judging or evaluating what you are doing right now (i.e. at the moment just before you were notified?)",
            "created_at": "2014-05-27T12:36:42.007Z",
            "updated_at": "2014-05-27T12:36:42.010Z",
            "responses": [
              "f",
              "Yes - Negatively",
              "Yes - Neutrally",
              "Yes - Positively"
            ],
            "question_type": "multiple",
            "freeform": false,
            "always_show": null
          },
          {
            "id": 73,
            "text": "In the past 24 hours, have you engaged in sexual activity with another person?",
            "created_at": "2014-05-27T12:36:42.012Z",
            "updated_at": "2014-05-27T12:36:42.013Z",
            "responses": [
              "t",
              "f"
            ],
            "question_type": "boolean",
            "freeform": false,
            "always_show": null
          },
          {
            "id": 74,
            "text": "Imagine you were given $10 to divide between yourself and a stranger to whom you would remain anonymous. How much would you give to the stranger?",
            "created_at": "2014-05-27T12:36:42.015Z",
            "updated_at": "2014-05-27T12:36:42.016Z",
            "responses": [
              "0",
              "1",
              "2",
              "3",
              "4",
              "5",
              "6",
              "7",
              "8",
              "9",
              "10"
            ],
            "question_type": "multiple",
            "freeform": false,
            "always_show": null
          },
          {
            "id": 75,
            "text": "Have you surprised someone with a gift (including small gifts) in the last week?",
            "created_at": "2014-05-27T12:36:42.018Z",
            "updated_at": "2014-05-27T12:36:42.019Z",
            "responses": [
              "t",
              "f"
            ],
            "question_type": "boolean",
            "freeform": false,
            "always_show": null
          },
          {
            "id": 76,
            "text": "In general, how is your health?",
            "created_at": "2014-05-27T12:36:42.022Z",
            "updated_at": "2014-05-27T12:36:42.024Z",
            "responses": [
              "Excellent",
              "Very Good",
              "Good",
              "Fair",
              "Poor"
            ],
            "question_type": "multiple",
            "freeform": false,
            "always_show": null
          },
          {
            "id": 77,
            "text": "Where would you place yourself on this ladder?\nThink of a ladder representing where people stand in your country.\nAt the top of the ladder are the people who are the best off - those who have the most money, the most education and the most respected jobs. At the bottom are the people who are the worst off - who have the least money, least education, and the least respected jobs or no job. The higher up you are on the ladder, the closer you are to the people at the very top; the lower you are the closer you are to people at the very bottom.",
            "created_at": "2014-05-27T12:36:42.026Z",
            "updated_at": "2014-05-27T12:36:42.028Z",
            "responses": [
              "0",
              "10"
            ],
            "question_type": "range",
            "freeform": false,
            "always_show": null
          },
          {
            "id": 78,
            "text": "To what extent is what you're doing interesting?",
            "created_at": "2014-05-27T12:36:42.029Z",
            "updated_at": "2014-05-27T12:36:42.031Z",
            "responses": [
              "0",
              "10"
            ],
            "question_type": "range",
            "freeform": false,
            "always_show": null
          },
          {
            "id": 79,
            "text": "On average, how many hours do you work each week?",
            "created_at": "2014-05-27T12:36:42.032Z",
            "updated_at": "2014-05-27T12:36:42.034Z",
            "responses": [
              "Less than 5",
              "5-10",
              "10-20",
              "20-30",
              "30-40",
              "40-50",
              "50-60",
              "60-70",
              "More than 70"
            ],
            "question_type": "multiple",
            "freeform": false,
            "always_show": null
          },
          {
            "id": 80,
            "text": "How do you feel right now?",
            "created_at": "2014-05-27T12:36:42.038Z",
            "updated_at": "2014-05-27T12:36:42.039Z",
            "responses": [
              "0",
              "10"
            ],
            "question_type": "range",
            "freeform": false,
            "always_show": true
          },
          {
            "id": 81,
            "text": "To what extent do you expect good things to happen in the future?",
            "created_at": "2014-05-27T12:36:42.041Z",
            "updated_at": "2014-05-27T12:36:42.042Z",
            "responses": [
              "0",
              "10"
            ],
            "question_type": "range",
            "freeform": false,
            "always_show": null
          },
          {
            "id": 82,
            "text": "Have you taken any over-the-counter pain medication in the past 24 hours?",
            "created_at": "2014-05-27T12:36:42.044Z",
            "updated_at": "2014-05-27T12:36:42.046Z",
            "responses": [
              "t",
              "f"
            ],
            "question_type": "boolean",
            "freeform": false,
            "always_show": null
          },
          {
            "id": 83,
            "text": "To what extent have you procrastinated so far today?",
            "created_at": "2014-05-27T12:36:42.048Z",
            "updated_at": "2014-05-27T12:36:42.049Z",
            "responses": [
              "0",
              "10"
            ],
            "question_type": "range",
            "freeform": false,
            "always_show": null
          },
          {
            "id": 84,
            "text": "To what extent are you being productive?",
            "created_at": "2014-05-27T12:36:42.051Z",
            "updated_at": "2014-05-27T12:36:42.053Z",
            "responses": [
              "0",
              "10"
            ],
            "question_type": "range",
            "freeform": false,
            "always_show": null
          },
          {
            "id": 85,
            "text": "Who are you talking or interacting with?",
            "created_at": "2014-05-27T12:36:42.054Z",
            "updated_at": "2014-05-27T12:36:42.056Z",
            "responses": [
              "Spouse/partner/significant other",
              "Children",
              "Parents",
              "Other relatives",
              "Friends",
              "Acquaintances",
              "Strangers",
              "Co-workers",
              "Customers/students",
              "Boss",
              "No one"
            ],
            "question_type": "multiple",
            "freeform": true,
            "always_show": null
          },
          {
            "id": 86,
            "text": "To what extent do you feel accepted by the person/people you are interacting with?",
            "created_at": "2014-05-27T12:36:42.058Z",
            "updated_at": "2014-05-27T12:36:42.059Z",
            "responses": [
              "0",
              "10"
            ],
            "question_type": "range",
            "freeform": false,
            "always_show": null
          },
          {
            "id": 87,
            "text": "Are you alone?",
            "created_at": "2014-05-27T12:36:42.061Z",
            "updated_at": "2014-05-27T12:36:42.062Z",
            "responses": [
              "t",
              "f"
            ],
            "question_type": "boolean",
            "freeform": false,
            "always_show": null
          },
          {
            "id": 88,
            "text": "Do you want to do what you're doing?",
            "created_at": "2014-05-27T12:36:42.064Z",
            "updated_at": "2014-05-27T12:36:42.065Z",
            "responses": [
              "t",
              "f"
            ],
            "question_type": "boolean",
            "freeform": false,
            "always_show": null
          },
          {
            "id": 89,
            "text": "Are you talking or interacting with anyone?",
            "created_at": "2014-05-27T12:36:42.067Z",
            "updated_at": "2014-05-27T12:36:42.069Z",
            "responses": [
              "t",
              "f"
            ],
            "question_type": "boolean",
            "freeform": false,
            "always_show": null
          },
          {
            "id": 90,
            "text": "Where are you?",
            "created_at": "2014-05-27T12:36:42.070Z",
            "updated_at": "2014-05-27T12:36:42.071Z",
            "responses": [
              "At Home",
              "At Work",
              "In a car",
              "Other"
            ],
            "question_type": "multiple",
            "freeform": true,
            "always_show": null
          },
          {
            "id": 91,
            "text": "How many people are you talking or interacting with?",
            "created_at": "2014-05-27T12:36:42.073Z",
            "updated_at": "2014-05-27T12:36:42.075Z",
            "responses": [
              "At Home",
              "At Work",
              "In a car"
            ],
            "question_type": "multiple",
            "freeform": false,
            "always_show": null
          },
          {
            "id": 92,
            "text": "Do you have to do what you're doing?",
            "created_at": "2014-05-27T12:36:42.076Z",
            "updated_at": "2014-05-27T12:36:42.078Z",
            "responses": [
              "t",
              "f"
            ],
            "question_type": "boolean",
            "freeform": false,
            "always_show": null
          },
          {
            "id": 93,
            "text": "To what extent are you focused on what you are doing?",
            "created_at": "2014-05-27T12:36:42.079Z",
            "updated_at": "2014-05-27T12:36:42.081Z",
            "responses": [
              "0",
              "10"
            ],
            "question_type": "range",
            "freeform": false,
            "always_show": null
          },
          {
            "id": 94,
            "text": "When did you last check Facebook?",
            "created_at": "2014-05-27T12:36:42.082Z",
            "updated_at": "2014-05-27T12:36:42.084Z",
            "responses": [
              "Right now",
              "In the last 5 minutes",
              "In the last 15 minutes",
              "In the last 30 minutes",
              "In the last hour",
              "1-2 hours ago",
              "3-5 hours ago",
              "6-12 hours ago",
              "24 hours ago",
              "Don't use facebook"
            ],
            "question_type": "multiple",
            "freeform": false,
            "always_show": null
          },
          {
            "id": 95,
            "text": "Beyond any work you've already done today, how many additional hours do you expect to work today?",
            "created_at": "2014-05-27T12:36:42.086Z",
            "updated_at": "2014-05-27T12:36:42.087Z",
            "responses": [
              "0 (none)",
              "Less than 1 hour",
              "1-2 hours",
              "2-3 hours",
              "3-4 hours",
              "4-5 hours",
              "5-6 hours"
            ],
            "question_type": "multiple",
            "freeform": false,
            "always_show": null
          },
          {
            "id": 96,
            "text": "If you could, and it had no negative consequences, would you jump forward in time 24 hours?",
            "created_at": "2014-05-27T12:36:42.089Z",
            "updated_at": "2014-05-27T12:36:42.090Z",
            "responses": [
              "t",
              "f"
            ],
            "question_type": "boolean",
            "freeform": false,
            "always_show": null
          }
        ]
    http_version: 
  recorded_at: Wed, 28 May 2014 23:42:05 GMT
- request:
    method: get
    uri: http://localhost:3000/
    body:
      encoding: US-ASCII
      string: ''
    headers:
      User-Agent:
      - Faraday v0.9.0
      Content-Type:
      - application/json
      Api-Token:
      - testing
      Accept-Encoding:
      - gzip;q=1.0,deflate;q=0.6,identity;q=0.3
      Accept:
      - "*/*"
  response:
    status:
      code: 200
      message: 'OK '
    headers:
      X-Frame-Options:
      - SAMEORIGIN
      X-Xss-Protection:
      - 1; mode=block
      X-Content-Type-Options:
      - nosniff
      X-Ua-Compatible:
      - chrome=1
      Content-Type:
      - application/json; charset=utf-8
      Etag:
      - '"a723ac88b99a06c255a3384c2d01f4fb"'
      Cache-Control:
      - max-age=0, private, must-revalidate
      X-Request-Id:
      - 9cf42b1a-3490-4599-a6f0-de36be033884
      X-Runtime:
      - '0.008262'
      Server:
      - WEBrick/1.3.1 (Ruby/2.1.1/2014-02-24)
      Date:
      - Wed, 28 May 2014 23:42:05 GMT
      Content-Length:
      - '305'
      Connection:
      - Keep-Alive
    body:
      encoding: UTF-8
      string: |-
        {
          "_links": {
            "self": {
              "href": "http://localhost:3000/api"
            },
            "surveys": {
              "href": "http://localhost:3000/api/surveys"
            },
            "users": {
              "href": "http://localhost:3000/api/users"
            },
            "questions": {
              "href": "http://localhost:3000/api/questions"
            }
          }
        }
    http_version: 
  recorded_at: Wed, 28 May 2014 23:42:05 GMT
- request:
    method: post
    uri: http://localhost:3000/api/users
    body:
      encoding: UTF-8
      string: '{"user":{"external_user_id":42}}'
    headers:
      User-Agent:
      - Faraday v0.9.0
      Content-Type:
      - application/json
      Api-Token:
      - testing
      Accept-Encoding:
      - gzip;q=1.0,deflate;q=0.6,identity;q=0.3
      Accept:
      - "*/*"
  response:
    status:
      code: 201
      message: 'Created '
    headers:
      X-Frame-Options:
      - SAMEORIGIN
      X-Xss-Protection:
      - 1; mode=block
      X-Content-Type-Options:
      - nosniff
      X-Ua-Compatible:
      - chrome=1
      Content-Type:
      - application/json; charset=utf-8
      Etag:
      - '"a17fd52e4fcc73ef2abf2475c8920a25"'
      Cache-Control:
      - max-age=0, private, must-revalidate
      X-Request-Id:
      - e1f0a2d4-cb2c-4f46-a2ee-a2bebfada9d3
      X-Runtime:
      - '0.017078'
      Server:
      - WEBrick/1.3.1 (Ruby/2.1.1/2014-02-24)
      Date:
      - Wed, 28 May 2014 23:42:05 GMT
      Content-Length:
      - '275'
      Connection:
      - Keep-Alive
    body:
      encoding: UTF-8
      string: |-
        {
          "id": 240,
          "external_user_id": 42,
          "token": "0ce1baea6971e5e51b0b76b536afa0667f6b0a1dc257ffdb7e1771e62ee3b949df91e90271518a8e481eb6806aa8bffe032a952c87951369219fd8ec2f3a778a",
          "_links": {
            "self": {
              "href": "http://localhost:3000/api/users/240"
            }
          }
        }
    http_version: 
  recorded_at: Wed, 28 May 2014 23:42:05 GMT
- request:
    method: get
    uri: http://localhost:3000/
    body:
      encoding: US-ASCII
      string: ''
    headers:
      User-Agent:
      - Faraday v0.9.0
      Content-Type:
      - application/json
      Api-Token:
      - testing
      Accept-Encoding:
      - gzip;q=1.0,deflate;q=0.6,identity;q=0.3
      Accept:
      - "*/*"
  response:
    status:
      code: 200
      message: 'OK '
    headers:
      X-Frame-Options:
      - SAMEORIGIN
      X-Xss-Protection:
      - 1; mode=block
      X-Content-Type-Options:
      - nosniff
      X-Ua-Compatible:
      - chrome=1
      Content-Type:
      - application/json; charset=utf-8
      Etag:
      - '"a723ac88b99a06c255a3384c2d01f4fb"'
      Cache-Control:
      - max-age=0, private, must-revalidate
      X-Request-Id:
      - a66cf250-ba1b-496e-bbda-70d1fc4a3989
      X-Runtime:
      - '0.011605'
      Server:
      - WEBrick/1.3.1 (Ruby/2.1.1/2014-02-24)
      Date:
      - Wed, 28 May 2014 23:42:05 GMT
      Content-Length:
      - '305'
      Connection:
      - Keep-Alive
    body:
      encoding: UTF-8
      string: |-
        {
          "_links": {
            "self": {
              "href": "http://localhost:3000/api"
            },
            "surveys": {
              "href": "http://localhost:3000/api/surveys"
            },
            "users": {
              "href": "http://localhost:3000/api/users"
            },
            "questions": {
              "href": "http://localhost:3000/api/questions"
            }
          }
        }
    http_version: 
  recorded_at: Wed, 28 May 2014 23:42:05 GMT
- request:
    method: post
    uri: http://localhost:3000/api/surveys
    body:
      encoding: UTF-8
      string: '{"survey":{"user_id":240}}'
    headers:
      User-Agent:
      - Faraday v0.9.0
      Content-Type:
      - application/json
      Api-Token:
      - testing
      Accept-Encoding:
      - gzip;q=1.0,deflate;q=0.6,identity;q=0.3
      Accept:
      - "*/*"
  response:
    status:
      code: 201
      message: 'Created '
    headers:
      X-Frame-Options:
      - SAMEORIGIN
      X-Xss-Protection:
      - 1; mode=block
      X-Content-Type-Options:
      - nosniff
      X-Ua-Compatible:
      - chrome=1
      Content-Type:
      - application/json; charset=utf-8
      Etag:
      - '"0402b682d591a02533369ed7ac6dace6"'
      Cache-Control:
      - max-age=0, private, must-revalidate
      X-Request-Id:
      - b457e90b-06aa-4c83-95b3-afd2e5bccd50
      X-Runtime:
      - '0.017475'
      Server:
      - WEBrick/1.3.1 (Ruby/2.1.1/2014-02-24)
      Date:
      - Wed, 28 May 2014 23:42:05 GMT
      Content-Length:
      - '250'
      Connection:
      - Keep-Alive
    body:
      encoding: UTF-8
      string: |-
        {
          "id": 198,
          "user_id": 240,
          "survey_questions": [

          ],
          "_links": {
            "self": {
              "href": "http://localhost:3000/api/surveys/198"
            },
            "submit": {
              "href": "http://localhost:3000/api/surveys/198/survey_questions"
            }
          }
        }
    http_version: 
  recorded_at: Wed, 28 May 2014 23:42:05 GMT
- request:
    method: post
    uri: http://localhost:3000/api/surveys/198/survey_questions
    body:
      encoding: UTF-8
      string: '{"survey_question":{"question_id":73}}'
    headers:
      User-Agent:
      - Faraday v0.9.0
      Content-Type:
      - application/json
      Api-Token:
      - testing
      Accept-Encoding:
      - gzip;q=1.0,deflate;q=0.6,identity;q=0.3
      Accept:
      - "*/*"
  response:
    status:
      code: 201
      message: 'Created '
    headers:
      X-Frame-Options:
      - SAMEORIGIN
      X-Xss-Protection:
      - 1; mode=block
      X-Content-Type-Options:
      - nosniff
      X-Ua-Compatible:
      - chrome=1
      Content-Type:
      - application/json; charset=utf-8
      Etag:
      - '"6d92e177725465d1aefe9082691a96a3"'
      Cache-Control:
      - max-age=0, private, must-revalidate
      X-Request-Id:
      - 54814d1e-7403-4907-a184-84f77a13276d
      X-Runtime:
      - '0.021508'
      Server:
      - WEBrick/1.3.1 (Ruby/2.1.1/2014-02-24)
      Date:
      - Wed, 28 May 2014 23:42:05 GMT
      Content-Length:
      - '571'
      Connection:
      - Keep-Alive
    body:
      encoding: UTF-8
      string: |-
        {
          "id": 698,
          "text": "In the past 24 hours, have you engaged in sexual activity with another person?",
          "type": "boolean",
          "responses": [
            "t",
            "f"
          ],
          "freeform": false,
          "_links": {
            "self": {
              "href": "http://localhost:3000/api/surveys/198/survey_questions/698"
            },
            "survey": {
              "href": "http://localhost:3000/api/surveys/198"
            },
            "create": {
              "href": "http://localhost:3000/api/surveys/198/survey_questions"
            },
            "submit": {
              "href": "http://localhost:3000/api/surveys/198/survey_questions/698"
            }
          }
        }
    http_version: 
  recorded_at: Wed, 28 May 2014 23:42:05 GMT
- request:
    method: get
    uri: http://localhost:3000/api/surveys/198
    body:
      encoding: US-ASCII
      string: ''
    headers:
      User-Agent:
      - Faraday v0.9.0
      Content-Type:
      - application/json
      Api-Token:
      - testing
      Accept-Encoding:
      - gzip;q=1.0,deflate;q=0.6,identity;q=0.3
      Accept:
      - "*/*"
  response:
    status:
      code: 200
      message: 'OK '
    headers:
      X-Frame-Options:
      - SAMEORIGIN
      X-Xss-Protection:
      - 1; mode=block
      X-Content-Type-Options:
      - nosniff
      X-Ua-Compatible:
      - chrome=1
      Content-Type:
      - application/json; charset=utf-8
      Etag:
      - '"ab6e3656756176b984cb8509b6a7870c"'
      Cache-Control:
      - max-age=0, private, must-revalidate
      X-Request-Id:
      - f2660f63-dcdf-4c85-8494-04b449000493
      X-Runtime:
      - '0.024484'
      Server:
      - WEBrick/1.3.1 (Ruby/2.1.1/2014-02-24)
      Date:
      - Wed, 28 May 2014 23:42:05 GMT
      Content-Length:
      - '1013'
      Connection:
      - Keep-Alive
    body:
      encoding: UTF-8
      string: |-
        {
          "id": 198,
          "user_id": 240,
          "survey_questions": [
            {
              "id": 698,
              "text": "In the past 24 hours, have you engaged in sexual activity with another person?",
              "type": "boolean",
              "responses": [
                "t",
                "f"
              ],
              "freeform": false,
              "_links": {
                "self": {
                  "href": "http://localhost:3000/api/surveys/198/survey_questions/698"
                },
                "survey": {
                  "href": "http://localhost:3000/api/surveys/198"
                },
                "create": {
                  "href": "http://localhost:3000/api/surveys/198/survey_questions"
                },
                "submit": {
                  "href": "http://localhost:3000/api/surveys/198/survey_questions/698"
                }
              }
            }
          ],
          "_links": {
            "self": {
              "href": "http://localhost:3000/api/surveys/198"
            },
            "submit": {
              "href": "http://localhost:3000/api/surveys/198/survey_questions"
            },
            "next": {
              "href": "http://localhost:3000/api/surveys/198/survey_questions/698"
            }
          }
        }
    http_version: 
  recorded_at: Wed, 28 May 2014 23:42:05 GMT
- request:
    method: put
    uri: http://localhost:3000/api/surveys/198/survey_questions/698
    body:
      encoding: UTF-8
      string: '{"id":698,"survey_question":{"answer":"true"}}'
    headers:
      User-Agent:
      - Faraday v0.9.0
      Content-Type:
      - application/json
      Api-Token:
      - testing
      Accept-Encoding:
      - gzip;q=1.0,deflate;q=0.6,identity;q=0.3
      Accept:
      - "*/*"
  response:
    status:
      code: 204
      message: 'No Content '
    headers:
      X-Frame-Options:
      - SAMEORIGIN
      X-Xss-Protection:
      - 1; mode=block
      X-Content-Type-Options:
      - nosniff
      X-Ua-Compatible:
      - chrome=1
      Cache-Control:
      - no-cache
      X-Request-Id:
      - f3a99894-00f0-4d1e-ad1b-b3d5860175bc
      X-Runtime:
      - '0.030482'
      Server:
      - WEBrick/1.3.1 (Ruby/2.1.1/2014-02-24)
      Date:
      - Wed, 28 May 2014 23:42:05 GMT
      Connection:
      - Keep-Alive
    body:
      encoding: UTF-8
      string: ''
    http_version: 
  recorded_at: Wed, 28 May 2014 23:42:05 GMT
- request:
    method: get
    uri: http://localhost:3000/api/surveys/198
    body:
      encoding: US-ASCII
      string: ''
    headers:
      User-Agent:
      - Faraday v0.9.0
      Content-Type:
      - application/json
      Api-Token:
      - testing
      Accept-Encoding:
      - gzip;q=1.0,deflate;q=0.6,identity;q=0.3
      Accept:
      - "*/*"
  response:
    status:
      code: 200
      message: 'OK '
    headers:
      X-Frame-Options:
      - SAMEORIGIN
      X-Xss-Protection:
      - 1; mode=block
      X-Content-Type-Options:
      - nosniff
      X-Ua-Compatible:
      - chrome=1
      Content-Type:
      - application/json; charset=utf-8
      Etag:
      - '"4de1b962b3a3f22f7461983d7e3a1009"'
      Cache-Control:
      - max-age=0, private, must-revalidate
      X-Request-Id:
      - 8eabbfb4-ad1c-4586-88c4-f69ec4d87bf2
      X-Runtime:
      - '0.021696'
      Server:
      - WEBrick/1.3.1 (Ruby/2.1.1/2014-02-24)
      Date:
      - Wed, 28 May 2014 23:42:05 GMT
      Content-Length:
      - '941'
      Connection:
      - Keep-Alive
    body:
      encoding: UTF-8
      string: |-
        {
          "id": 198,
          "user_id": 240,
          "survey_questions": [
            {
              "id": 698,
              "text": "In the past 24 hours, have you engaged in sexual activity with another person?",
              "type": "boolean",
              "responses": [
                "t",
                "f"
              ],
              "answer": "true",
              "freeform": false,
              "_links": {
                "self": {
                  "href": "http://localhost:3000/api/surveys/198/survey_questions/698"
                },
                "survey": {
                  "href": "http://localhost:3000/api/surveys/198"
                },
                "create": {
                  "href": "http://localhost:3000/api/surveys/198/survey_questions"
                },
                "submit": {
                  "href": "http://localhost:3000/api/surveys/198/survey_questions/698"
                }
              }
            }
          ],
          "_links": {
            "self": {
              "href": "http://localhost:3000/api/surveys/198"
            },
            "submit": {
              "href": "http://localhost:3000/api/surveys/198/survey_questions"
            }
          }
        }
    http_version: 
  recorded_at: Wed, 28 May 2014 23:42:05 GMT
recorded_with: VCR 2.6.0
